Archive member included to satisfy reference by file (symbol)

/Users/KarlKoerich/STM32CubeIDE/workspace_1.5.1/MUMT203_FinalProject/Core/Lib/libarm_cortexM4lf_math.a(arm_sin_f32.o)
                              Core/Src/main.o (arm_sin_f32)
/Users/KarlKoerich/STM32CubeIDE/workspace_1.5.1/MUMT203_FinalProject/Core/Lib/libarm_cortexM4lf_math.a(arm_common_tables.o)
                              /Users/KarlKoerich/STM32CubeIDE/workspace_1.5.1/MUMT203_FinalProject/Core/Lib/libarm_cortexM4lf_math.a(arm_sin_f32.o) (sinTable_f32)
/Applications/STM32CubeIDE.app/Contents/Eclipse/plugins/com.st.stm32cube.ide.mcu.externaltools.gnu-tools-for-stm32.9-2020-q2-update.macos64_1.5.0.202011040924/tools/bin/../lib/gcc/arm-none-eabi/9.3.1/../../../../arm-none-eabi/lib/thumb/v7e-m+fp/hard/libc_nano.a(lib_a-errno.o)
                              Core/Src/syscalls.o (__errno)
/Applications/STM32CubeIDE.app/Contents/Eclipse/plugins/com.st.stm32cube.ide.mcu.externaltools.gnu-tools-for-stm32.9-2020-q2-update.macos64_1.5.0.202011040924/tools/bin/../lib/gcc/arm-none-eabi/9.3.1/../../../../arm-none-eabi/lib/thumb/v7e-m+fp/hard/libc_nano.a(lib_a-exit.o)
                              /Applications/STM32CubeIDE.app/Contents/Eclipse/plugins/com.st.stm32cube.ide.mcu.externaltools.gnu-tools-for-stm32.9-2020-q2-update.macos64_1.5.0.202011040924/tools/bin/../lib/gcc/arm-none-eabi/9.3.1/../../../../arm-none-eabi/lib/thumb/v7e-m+fp/hard/crt0.o (exit)
/Applications/STM32CubeIDE.app/Contents/Eclipse/plugins/com.st.stm32cube.ide.mcu.externaltools.gnu-tools-for-stm32.9-2020-q2-update.macos64_1.5.0.202011040924/tools/bin/../lib/gcc/arm-none-eabi/9.3.1/../../../../arm-none-eabi/lib/thumb/v7e-m+fp/hard/libc_nano.a(lib_a-impure.o)
                              /Applications/STM32CubeIDE.app/Contents/Eclipse/plugins/com.st.stm32cube.ide.mcu.externaltools.gnu-tools-for-stm32.9-2020-q2-update.macos64_1.5.0.202011040924/tools/bin/../lib/gcc/arm-none-eabi/9.3.1/../../../../arm-none-eabi/lib/thumb/v7e-m+fp/hard/libc_nano.a(lib_a-exit.o) (_global_impure_ptr)
/Applications/STM32CubeIDE.app/Contents/Eclipse/plugins/com.st.stm32cube.ide.mcu.externaltools.gnu-tools-for-stm32.9-2020-q2-update.macos64_1.5.0.202011040924/tools/bin/../lib/gcc/arm-none-eabi/9.3.1/../../../../arm-none-eabi/lib/thumb/v7e-m+fp/hard/libc_nano.a(lib_a-init.o)
                              /Applications/STM32CubeIDE.app/Contents/Eclipse/plugins/com.st.stm32cube.ide.mcu.externaltools.gnu-tools-for-stm32.9-2020-q2-update.macos64_1.5.0.202011040924/tools/bin/../lib/gcc/arm-none-eabi/9.3.1/../../../../arm-none-eabi/lib/thumb/v7e-m+fp/hard/crt0.o (__libc_init_array)
/Applications/STM32CubeIDE.app/Contents/Eclipse/plugins/com.st.stm32cube.ide.mcu.externaltools.gnu-tools-for-stm32.9-2020-q2-update.macos64_1.5.0.202011040924/tools/bin/../lib/gcc/arm-none-eabi/9.3.1/../../../../arm-none-eabi/lib/thumb/v7e-m+fp/hard/libc_nano.a(lib_a-memset.o)
                              /Applications/STM32CubeIDE.app/Contents/Eclipse/plugins/com.st.stm32cube.ide.mcu.externaltools.gnu-tools-for-stm32.9-2020-q2-update.macos64_1.5.0.202011040924/tools/bin/../lib/gcc/arm-none-eabi/9.3.1/../../../../arm-none-eabi/lib/thumb/v7e-m+fp/hard/crt0.o (memset)

Allocating common symbols
Common symbol       size              file

hdac1               0x14              Core/Src/main.o
uwTick              0x4               Drivers/STM32L4xx_HAL_Driver/Src/stm32l4xx_hal.o
hadc1               0x68              Core/Src/main.o

Discarded input sections

 .text          0x0000000000000000        0x0 /Applications/STM32CubeIDE.app/Contents/Eclipse/plugins/com.st.stm32cube.ide.mcu.externaltools.gnu-tools-for-stm32.9-2020-q2-update.macos64_1.5.0.202011040924/tools/bin/../lib/gcc/arm-none-eabi/9.3.1/thumb/v7e-m+fp/hard/crti.o
 .data          0x0000000000000000        0x0 /Applications/STM32CubeIDE.app/Contents/Eclipse/plugins/com.st.stm32cube.ide.mcu.externaltools.gnu-tools-for-stm32.9-2020-q2-update.macos64_1.5.0.202011040924/tools/bin/../lib/gcc/arm-none-eabi/9.3.1/thumb/v7e-m+fp/hard/crti.o
 .bss           0x0000000000000000        0x0 /Applications/STM32CubeIDE.app/Contents/Eclipse/plugins/com.st.stm32cube.ide.mcu.externaltools.gnu-tools-for-stm32.9-2020-q2-update.macos64_1.5.0.202011040924/tools/bin/../lib/gcc/arm-none-eabi/9.3.1/thumb/v7e-m+fp/hard/crti.o
 .data          0x0000000000000000        0x4 /Applications/STM32CubeIDE.app/Contents/Eclipse/plugins/com.st.stm32cube.ide.mcu.externaltools.gnu-tools-for-stm32.9-2020-q2-update.macos64_1.5.0.202011040924/tools/bin/../lib/gcc/arm-none-eabi/9.3.1/thumb/v7e-m+fp/hard/crtbegin.o
 .text          0x0000000000000000       0x7c /Applications/STM32CubeIDE.app/Contents/Eclipse/plugins/com.st.stm32cube.ide.mcu.externaltools.gnu-tools-for-stm32.9-2020-q2-update.macos64_1.5.0.202011040924/tools/bin/../lib/gcc/arm-none-eabi/9.3.1/../../../../arm-none-eabi/lib/thumb/v7e-m+fp/hard/crt0.o
[...]
Memory Configuration

Name             Origin             Length             Attributes
RAM              0x0000000020000000 0x00000000000a0000 xrw
FLASH            0x0000000008000000 0x0000000000200000 xr
*default*        0x0000000000000000 0xffffffffffffffff

Linker script and memory map

LOAD /Applications/STM32CubeIDE.app/Contents/Eclipse/plugins/com.st.stm32cube.ide.mcu.externaltools.gnu-tools-for-stm32.9-2020-q2-update.macos64_1.5.0.202011040924/tools/bin/../lib/gcc/arm-none-eabi/9.3.1/thumb/v7e-m+fp/hard/crti.o
LOAD /Applications/STM32CubeIDE.app/Contents/Eclipse/plugins/com.st.stm32cube.ide.mcu.externaltools.gnu-tools-for-stm32.9-2020-q2-update.macos64_1.5.0.202011040924/tools/bin/../lib/gcc/arm-none-eabi/9.3.1/thumb/v7e-m+fp/hard/crtbegin.o
LOAD /Applications/STM32CubeIDE.app/Contents/Eclipse/plugins/com.st.stm32cube.ide.mcu.externaltools.gnu-tools-for-stm32.9-2020-q2-update.macos64_1.5.0.202011040924/tools/bin/../lib/gcc/arm-none-eabi/9.3.1/../../../../arm-none-eabi/lib/thumb/v7e-m+fp/hard/crt0.o
LOAD Core/Src/main.o
LOAD Core/Src/stm32l4xx_hal_msp.o
LOAD Core/Src/stm32l4xx_it.o
LOAD Core/Src/syscalls.o
LOAD Core/Src/sysmem.o
LOAD Core/Src/system_stm32l4xx.o
LOAD Core/Startup/startup_stm32l4s5vitx.o
LOAD Drivers/STM32L4xx_HAL_Driver/Src/stm32l4xx_hal.o
LOAD Drivers/STM32L4xx_HAL_Driver/Src/stm32l4xx_hal_adc.o
LOAD Drivers/STM32L4xx_HAL_Driver/Src/stm32l4xx_hal_adc_ex.o
LOAD Drivers/STM32L4xx_HAL_Driver/Src/stm32l4xx_hal_cortex.o
LOAD Drivers/STM32L4xx_HAL_Driver/Src/stm32l4xx_hal_dac.o
LOAD Drivers/STM32L4xx_HAL_Driver/Src/stm32l4xx_hal_dac_ex.o
LOAD Drivers/STM32L4xx_HAL_Driver/Src/stm32l4xx_hal_dma.o
LOAD Drivers/STM32L4xx_HAL_Driver/Src/stm32l4xx_hal_dma_ex.o
LOAD Drivers/STM32L4xx_HAL_Driver/Src/stm32l4xx_hal_exti.o
LOAD Drivers/STM32L4xx_HAL_Driver/Src/stm32l4xx_hal_flash.o
LOAD Drivers/STM32L4xx_HAL_Driver/Src/stm32l4xx_hal_flash_ex.o
LOAD Drivers/STM32L4xx_HAL_Driver/Src/stm32l4xx_hal_flash_ramfunc.o
LOAD Drivers/STM32L4xx_HAL_Driver/Src/stm32l4xx_hal_gpio.o
LOAD Drivers/STM32L4xx_HAL_Driver/Src/stm32l4xx_hal_i2c.o
LOAD Drivers/STM32L4xx_HAL_Driver/Src/stm32l4xx_hal_i2c_ex.o
LOAD Drivers/STM32L4xx_HAL_Driver/Src/stm32l4xx_hal_pwr.o
LOAD Drivers/STM32L4xx_HAL_Driver/Src/stm32l4xx_hal_pwr_ex.o
LOAD Drivers/STM32L4xx_HAL_Driver/Src/stm32l4xx_hal_rcc.o
LOAD Drivers/STM32L4xx_HAL_Driver/Src/stm32l4xx_hal_rcc_ex.o
LOAD Drivers/STM32L4xx_HAL_Driver/Src/stm32l4xx_hal_tim.o
LOAD Drivers/STM32L4xx_HAL_Driver/Src/stm32l4xx_hal_tim_ex.o
LOAD /Users/KarlKoerich/STM32CubeIDE/workspace_1.5.1/MUMT203_FinalProject/Core/Lib/libarm_cortexM4lf_math.a
START GROUP
LOAD /Users/KarlKoerich/STM32CubeIDE/workspace_1.5.1/MUMT203_FinalProject/Core/Lib/libarm_cortexM4lf_math.a
END GROUP
START GROUP
LOAD /Applications/STM32CubeIDE.app/Contents/Eclipse/plugins/com.st.stm32cube.ide.mcu.externaltools.gnu-tools-for-stm32.9-2020-q2-update.macos64_1.5.0.202011040924/tools/bin/../lib/gcc/arm-none-eabi/9.3.1/../../../../arm-none-eabi/lib/thumb/v7e-m+fp/hard/libc_nano.a
LOAD /Applications/STM32CubeIDE.app/Contents/Eclipse/plugins/com.st.stm32cube.ide.mcu.externaltools.gnu-tools-for-stm32.9-2020-q2-update.macos64_1.5.0.202011040924/tools/bin/../lib/gcc/arm-none-eabi/9.3.1/../../../../arm-none-eabi/lib/thumb/v7e-m+fp/hard/libm.a
END GROUP
START GROUP
LOAD /Applications/STM32CubeIDE.app/Contents/Eclipse/plugins/com.st.stm32cube.ide.mcu.externaltools.gnu-tools-for-stm32.9-2020-q2-update.macos64_1.5.0.202011040924/tools/bin/../lib/gcc/arm-none-eabi/9.3.1/thumb/v7e-m+fp/hard/libgcc.a
LOAD /Applications/STM32CubeIDE.app/Contents/Eclipse/plugins/com.st.stm32cube.ide.mcu.externaltools.gnu-tools-for-stm32.9-2020-q2-update.macos64_1.5.0.202011040924/tools/bin/../lib/gcc/arm-none-eabi/9.3.1/../../../../arm-none-eabi/lib/thumb/v7e-m+fp/hard/libc_nano.a
END GROUP
START GROUP
LOAD /Applications/STM32CubeIDE.app/Contents/Eclipse/plugins/com.st.stm32cube.ide.mcu.externaltools.gnu-tools-for-stm32.9-2020-q2-update.macos64_1.5.0.202011040924/tools/bin/../lib/gcc/arm-none-eabi/9.3.1/thumb/v7e-m+fp/hard/libgcc.a
LOAD /Applications/STM32CubeIDE.app/Contents/Eclipse/plugins/com.st.stm32cube.ide.mcu.externaltools.gnu-tools-for-stm32.9-2020-q2-update.macos64_1.5.0.202011040924/tools/bin/../lib/gcc/arm-none-eabi/9.3.1/../../../../arm-none-eabi/lib/thumb/v7e-m+fp/hard/libc_nano.a
LOAD /Applications/STM32CubeIDE.app/Contents/Eclipse/plugins/com.st.stm32cube.ide.mcu.externaltools.gnu-tools-for-stm32.9-2020-q2-update.macos64_1.5.0.202011040924/tools/bin/../lib/gcc/arm-none-eabi/9.3.1/../../../../arm-none-eabi/lib/thumb/v7e-m+fp/hard/libnosys.a
END GROUP
START GROUP
LOAD /Applications/STM32CubeIDE.app/Contents/Eclipse/plugins/com.st.stm32cube.ide.mcu.externaltools.gnu-tools-for-stm32.9-2020-q2-update.macos64_1.5.0.202011040924/tools/bin/../lib/gcc/arm-none-eabi/9.3.1/thumb/v7e-m+fp/hard/libgcc.a
LOAD /Applications/STM32CubeIDE.app/Contents/Eclipse/plugins/com.st.stm32cube.ide.mcu.externaltools.gnu-tools-for-stm32.9-2020-q2-update.macos64_1.5.0.202011040924/tools/bin/../lib/gcc/arm-none-eabi/9.3.1/../../../../arm-none-eabi/lib/thumb/v7e-m+fp/hard/libc_nano.a
LOAD /Applications/STM32CubeIDE.app/Contents/Eclipse/plugins/com.st.stm32cube.ide.mcu.externaltools.gnu-tools-for-stm32.9-2020-q2-update.macos64_1.5.0.202011040924/tools/bin/../lib/gcc/arm-none-eabi/9.3.1/../../../../arm-none-eabi/lib/thumb/v7e-m+fp/hard/libnosys.a
END GROUP
LOAD /Applications/STM32CubeIDE.app/Contents/Eclipse/plugins/com.st.stm32cube.ide.mcu.externaltools.gnu-tools-for-stm32.9-2020-q2-update.macos64_1.5.0.202011040924/tools/bin/../lib/gcc/arm-none-eabi/9.3.1/thumb/v7e-m+fp/hard/crtend.o
LOAD /Applications/STM32CubeIDE.app/Contents/Eclipse/plugins/com.st.stm32cube.ide.mcu.externaltools.gnu-tools-for-stm32.9-2020-q2-update.macos64_1.5.0.202011040924/tools/bin/../lib/gcc/arm-none-eabi/9.3.1/thumb/v7e-m+fp/hard/crtn.o
                0x00000000200a0000                _estack = (ORIGIN (RAM) + LENGTH (RAM))
                0x0000000000000200                _Min_Heap_Size = 0x200
                0x0000000000000400                _Min_Stack_Size = 0x400

.isr_vector     0x0000000008000000      0x1bc
                0x0000000008000000                . = ALIGN (0x4)
 *(.isr_vector)
 .isr_vector    0x0000000008000000      0x1bc Core/Startup/startup_stm32l4s5vitx.o
                0x0000000008000000                g_pfnVectors
                0x00000000080001bc                . = ALIGN (0x4)

.text           0x00000000080001bc     0x3a20
                0x00000000080001bc                . = ALIGN (0x4)
 *(.text)
 .text          0x00000000080001bc       0x40 /Applications/STM32CubeIDE.app/Contents/Eclipse/plugins/com.st.stm32cube.ide.mcu.externaltools.gnu-tools-for-stm32.9-2020-q2-update.macos64_1.5.0.202011040924/tools/bin/../lib/gcc/arm-none-eabi/9.3.1/thumb/v7e-m+fp/hard/crtbegin.o
 *(.text*)
 .text.main     0x00000000080001fc      0x1f8 Core/Src/main.o
                0x00000000080001fc                main
 .text.SystemClock_Config
                0x00000000080003f4      0x110 Core/Src/main.o
                0x00000000080003f4                SystemClock_Config
 .text.MX_ADC1_Init
                0x0000000008000504       0xc8 Core/Src/main.o
 .text.MX_DAC1_Init
                0x00000000080005cc       0x80 Core/Src/main.o
 .text.MX_GPIO_Init
                0x000000000800064c       0xb8 Core/Src/main.o
 .text.Error_Handler
                0x0000000008000704        0xa Core/Src/main.o
                0x0000000008000704                Error_Handler
 *fill*         0x000000000800070e        0x2 
 .text.HAL_MspInit
                0x0000000008000710       0x48 Core/Src/stm32l4xx_hal_msp.o
                0x0000000008000710                HAL_MspInit
 .text.HAL_ADC_MspInit
                0x0000000008000758       0x80 Core/Src/stm32l4xx_hal_msp.o
                0x0000000008000758                HAL_ADC_MspInit
 .text.HAL_DAC_MspInit
                0x00000000080007d8       0x7c Core/Src/stm32l4xx_hal_msp.o
                0x00000000080007d8                HAL_DAC_MspInit
 .text.NMI_Handler
                0x0000000008000854        0x6 Core/Src/stm32l4xx_it.o
                0x0000000008000854                NMI_Handler
 .text.HardFault_Handler
                0x000000000800085a        0x6 Core/Src/stm32l4xx_it.o
                0x000000000800085a                HardFault_Handler
 .text.MemManage_Handler
                0x0000000008000860        0x6 Core/Src/stm32l4xx_it.o
                0x0000000008000860                MemManage_Handler
 .text.BusFault_Handler
                0x0000000008000866        0x6 Core/Src/stm32l4xx_it.o
                0x0000000008000866                BusFault_Handler
 .text.UsageFault_Handler
                0x000000000800086c        0x6 Core/Src/stm32l4xx_it.o
                0x000000000800086c                UsageFault_Handler
 .text.SVC_Handler
                0x0000000008000872        0xe Core/Src/stm32l4xx_it.o
                0x0000000008000872                SVC_Handler
 .text.DebugMon_Handler
                0x0000000008000880        0xe Core/Src/stm32l4xx_it.o
                0x0000000008000880                DebugMon_Handler
 .text.PendSV_Handler
                0x000000000800088e        0xe Core/Src/stm32l4xx_it.o
                0x000000000800088e                PendSV_Handler
 .text.SysTick_Handler
                0x000000000800089c        0xc Core/Src/stm32l4xx_it.o
                0x000000000800089c                SysTick_Handler
 .text.SystemInit
                0x00000000080008a8       0x6c Core/Src/system_stm32l4xx.o
                0x00000000080008a8                SystemInit
 .text.Reset_Handler
                0x0000000008000914       0x50 Core/Startup/startup_stm32l4s5vitx.o
                0x0000000008000914                Reset_Handler
 .text.Default_Handler
                0x0000000008000964        0x2 Core/Startup/startup_stm32l4s5vitx.o
                0x0000000008000964                TIM1_BRK_TIM15_IRQHandler
                0x0000000008000964                EXTI2_IRQHandler
                0x0000000008000964                TIM8_TRG_COM_IRQHandler
                0x0000000008000964                TIM8_CC_IRQHandler
                0x0000000008000964                TIM1_CC_IRQHandler
                0x0000000008000964                TSC_IRQHandler
                0x0000000008000964                TAMP_STAMP_IRQHandler
                0x0000000008000964                EXTI3_IRQHandler
                0x0000000008000964                LPTIM2_IRQHandler
                0x0000000008000964                DFSDM1_FLT1_IRQHandler
                0x0000000008000964                GFXMMU_IRQHandler
                0x0000000008000964                I2C3_ER_IRQHandler
                0x0000000008000964                DFSDM1_FLT2_IRQHandler
                0x0000000008000964                EXTI0_IRQHandler
                0x0000000008000964                I2C2_EV_IRQHandler
                0x0000000008000964                CAN1_RX0_IRQHandler
                0x0000000008000964                FPU_IRQHandler
                0x0000000008000964                TIM1_UP_TIM16_IRQHandler
                0x0000000008000964                LTDC_ER_IRQHandler
                0x0000000008000964                SPI1_IRQHandler
                0x0000000008000964                OCTOSPI1_IRQHandler
                0x0000000008000964                TIM6_DAC_IRQHandler
                0x0000000008000964                DCMI_IRQHandler
                0x0000000008000964                TIM8_UP_IRQHandler
                0x0000000008000964                OCTOSPI2_IRQHandler
                0x0000000008000964                DMA2_Channel2_IRQHandler
                0x0000000008000964                DMA1_Channel4_IRQHandler
                0x0000000008000964                SAI2_IRQHandler
                0x0000000008000964                ADC1_IRQHandler
                0x0000000008000964                DFSDM1_FLT3_IRQHandler
                0x0000000008000964                USART3_IRQHandler
                0x0000000008000964                DMA1_Channel7_IRQHandler
                0x0000000008000964                CAN1_RX1_IRQHandler
                0x0000000008000964                UART5_IRQHandler
                0x0000000008000964                TIM4_IRQHandler
                0x0000000008000964                DMA2_Channel1_IRQHandler
                0x0000000008000964                I2C1_EV_IRQHandler
                0x0000000008000964                DMAMUX1_OVR_IRQHandler
                0x0000000008000964                DMA1_Channel6_IRQHandler
                0x0000000008000964                UART4_IRQHandler
                0x0000000008000964                DMA2_Channel4_IRQHandler
                0x0000000008000964                TIM3_IRQHandler
                0x0000000008000964                RCC_IRQHandler
                0x0000000008000964                DMA1_Channel1_IRQHandler
                0x0000000008000964                Default_Handler
                0x0000000008000964                DMA2_Channel7_IRQHandler
                0x0000000008000964                EXTI15_10_IRQHandler
                0x0000000008000964                TIM7_IRQHandler
                0x0000000008000964                SDMMC1_IRQHandler
                0x0000000008000964                TIM5_IRQHandler
                0x0000000008000964                I2C3_EV_IRQHandler
                0x0000000008000964                EXTI9_5_IRQHandler
                0x0000000008000964                RTC_WKUP_IRQHandler
                0x0000000008000964                LTDC_IRQHandler
                0x0000000008000964                PVD_PVM_IRQHandler
                0x0000000008000964                SPI2_IRQHandler
                0x0000000008000964                CAN1_TX_IRQHandler
                0x0000000008000964                DMA2_Channel5_IRQHandler
                0x0000000008000964                DMA1_Channel5_IRQHandler
                0x0000000008000964                EXTI4_IRQHandler
                0x0000000008000964                RNG_IRQHandler
                0x0000000008000964                TIM1_TRG_COM_TIM17_IRQHandler
                0x0000000008000964                DMA1_Channel3_IRQHandler
                0x0000000008000964                COMP_IRQHandler
                0x0000000008000964                HASH_CRS_IRQHandler
                0x0000000008000964                WWDG_IRQHandler
                0x0000000008000964                I2C4_EV_IRQHandler
                0x0000000008000964                LPUART1_IRQHandler
                0x0000000008000964                DMA2_Channel6_IRQHandler
                0x0000000008000964                TIM2_IRQHandler
                0x0000000008000964                DMA2D_IRQHandler
                0x0000000008000964                EXTI1_IRQHandler
                0x0000000008000964                AES_IRQHandler
                0x0000000008000964                USART2_IRQHandler
                0x0000000008000964                DFSDM1_FLT0_IRQHandler
                0x0000000008000964                I2C2_ER_IRQHandler
                0x0000000008000964                DMA1_Channel2_IRQHandler
                0x0000000008000964                TIM8_BRK_IRQHandler
                0x0000000008000964                CAN1_SCE_IRQHandler
                0x0000000008000964                FLASH_IRQHandler
                0x0000000008000964                USART1_IRQHandler
                0x0000000008000964                OTG_FS_IRQHandler
                0x0000000008000964                SPI3_IRQHandler
                0x0000000008000964                I2C1_ER_IRQHandler
                0x0000000008000964                FMC_IRQHandler
                0x0000000008000964                LPTIM1_IRQHandler
                0x0000000008000964                I2C4_ER_IRQHandler
                0x0000000008000964                SAI1_IRQHandler
                0x0000000008000964                DMA2_Channel3_IRQHandler
                0x0000000008000964                RTC_Alarm_IRQHandler
 .text.HAL_Init
                0x0000000008000966       0x30 Drivers/STM32L4xx_HAL_Driver/Src/stm32l4xx_hal.o
                0x0000000008000966                HAL_Init
 *fill*         0x0000000008000996        0x2 
 .text.HAL_InitTick
                0x0000000008000998       0x78 Drivers/STM32L4xx_HAL_Driver/Src/stm32l4xx_hal.o
                0x0000000008000998                HAL_InitTick
 .text.HAL_IncTick
                0x0000000008000a10       0x28 Drivers/STM32L4xx_HAL_Driver/Src/stm32l4xx_hal.o
                0x0000000008000a10                HAL_IncTick
 .text.HAL_GetTick
                0x0000000008000a38       0x18 Drivers/STM32L4xx_HAL_Driver/Src/stm32l4xx_hal.o
                0x0000000008000a38                HAL_GetTick
 .text.HAL_Delay
                0x0000000008000a50       0x48 Drivers/STM32L4xx_HAL_Driver/Src/stm32l4xx_hal.o
                0x0000000008000a50                HAL_Delay
 .text.LL_ADC_SetCommonClock
                0x0000000008000a98       0x26 Drivers/STM32L4xx_HAL_Driver/Src/stm32l4xx_hal_adc.o
 .text.LL_ADC_SetCommonPathInternalCh
                0x0000000008000abe       0x26 Drivers/STM32L4xx_HAL_Driver/Src/stm32l4xx_hal_adc.o
 .text.LL_ADC_GetCommonPathInternalCh
                0x0000000008000ae4       0x1c Drivers/STM32L4xx_HAL_Driver/Src/stm32l4xx_hal_adc.o
 .text.LL_ADC_SetOffset
                0x0000000008000b00       0x48 Drivers/STM32L4xx_HAL_Driver/Src/stm32l4xx_hal_adc.o
 .text.LL_ADC_GetOffsetChannel
                0x0000000008000b48       0x2c Drivers/STM32L4xx_HAL_Driver/Src/stm32l4xx_hal_adc.o
 .text.LL_ADC_SetOffsetState
                0x0000000008000b74       0x36 Drivers/STM32L4xx_HAL_Driver/Src/stm32l4xx_hal_adc.o
 .text.LL_ADC_SetSamplingTimeCommonConfig
                0x0000000008000baa       0x26 Drivers/STM32L4xx_HAL_Driver/Src/stm32l4xx_hal_adc.o
 .text.LL_ADC_REG_SetSequencerRanks
                0x0000000008000bd0       0x58 Drivers/STM32L4xx_HAL_Driver/Src/stm32l4xx_hal_adc.o
 .text.LL_ADC_SetChannelSamplingTime
                0x0000000008000c28       0x56 Drivers/STM32L4xx_HAL_Driver/Src/stm32l4xx_hal_adc.o
 *fill*         0x0000000008000c7e        0x2 
 .text.LL_ADC_SetChannelSingleDiff
                0x0000000008000c80       0x48 Drivers/STM32L4xx_HAL_Driver/Src/stm32l4xx_hal_adc.o
 .text.LL_ADC_DisableDeepPowerDown
                0x0000000008000cc8       0x24 Drivers/STM32L4xx_HAL_Driver/Src/stm32l4xx_hal_adc.o
 .text.LL_ADC_IsDeepPowerDownEnabled
                0x0000000008000cec       0x28 Drivers/STM32L4xx_HAL_Driver/Src/stm32l4xx_hal_adc.o
 .text.LL_ADC_EnableInternalRegulator
                0x0000000008000d14       0x28 Drivers/STM32L4xx_HAL_Driver/Src/stm32l4xx_hal_adc.o
 .text.LL_ADC_IsInternalRegulatorEnabled
                0x0000000008000d3c       0x28 Drivers/STM32L4xx_HAL_Driver/Src/stm32l4xx_hal_adc.o
 .text.LL_ADC_IsEnabled
                0x0000000008000d64       0x26 Drivers/STM32L4xx_HAL_Driver/Src/stm32l4xx_hal_adc.o
 .text.LL_ADC_REG_IsConversionOngoing
                0x0000000008000d8a       0x26 Drivers/STM32L4xx_HAL_Driver/Src/stm32l4xx_hal_adc.o
 .text.LL_ADC_INJ_IsConversionOngoing
                0x0000000008000db0       0x26 Drivers/STM32L4xx_HAL_Driver/Src/stm32l4xx_hal_adc.o
 *fill*         0x0000000008000dd6        0x2 
 .text.HAL_ADC_Init
                0x0000000008000dd8      0x294 Drivers/STM32L4xx_HAL_Driver/Src/stm32l4xx_hal_adc.o
                0x0000000008000dd8                HAL_ADC_Init
 .text.HAL_ADC_ConfigChannel
                0x000000000800106c      0x7f4 Drivers/STM32L4xx_HAL_Driver/Src/stm32l4xx_hal_adc.o
                0x000000000800106c                HAL_ADC_ConfigChannel
 .text.__NVIC_SetPriorityGrouping
                0x0000000008001860       0x48 Drivers/STM32L4xx_HAL_Driver/Src/stm32l4xx_hal_cortex.o
 .text.__NVIC_GetPriorityGrouping
                0x00000000080018a8       0x1c Drivers/STM32L4xx_HAL_Driver/Src/stm32l4xx_hal_cortex.o
 .text.__NVIC_SetPriority
                0x00000000080018c4       0x54 Drivers/STM32L4xx_HAL_Driver/Src/stm32l4xx_hal_cortex.o
 .text.NVIC_EncodePriority
                0x0000000008001918       0x66 Drivers/STM32L4xx_HAL_Driver/Src/stm32l4xx_hal_cortex.o
 *fill*         0x000000000800197e        0x2 
 .text.SysTick_Config
                0x0000000008001980       0x44 Drivers/STM32L4xx_HAL_Driver/Src/stm32l4xx_hal_cortex.o
 .text.HAL_NVIC_SetPriorityGrouping
                0x00000000080019c4       0x16 Drivers/STM32L4xx_HAL_Driver/Src/stm32l4xx_hal_cortex.o
                0x00000000080019c4                HAL_NVIC_SetPriorityGrouping
 .text.HAL_NVIC_SetPriority
                0x00000000080019da       0x38 Drivers/STM32L4xx_HAL_Driver/Src/stm32l4xx_hal_cortex.o
                0x00000000080019da                HAL_NVIC_SetPriority
 .text.HAL_SYSTICK_Config
                0x0000000008001a12       0x18 Drivers/STM32L4xx_HAL_Driver/Src/stm32l4xx_hal_cortex.o
                0x0000000008001a12                HAL_SYSTICK_Config
 .text.HAL_DAC_Init
                0x0000000008001a2a       0x44 Drivers/STM32L4xx_HAL_Driver/Src/stm32l4xx_hal_dac.o
                0x0000000008001a2a                HAL_DAC_Init
 .text.HAL_DAC_Start
                0x0000000008001a6e       0xa4 Drivers/STM32L4xx_HAL_Driver/Src/stm32l4xx_hal_dac.o
                0x0000000008001a6e                HAL_DAC_Start
 .text.HAL_DAC_Stop
                0x0000000008001b12       0x3a Drivers/STM32L4xx_HAL_Driver/Src/stm32l4xx_hal_dac.o
                0x0000000008001b12                HAL_DAC_Stop
 .text.HAL_DAC_SetValue
                0x0000000008001b4c       0x4a Drivers/STM32L4xx_HAL_Driver/Src/stm32l4xx_hal_dac.o
                0x0000000008001b4c                HAL_DAC_SetValue
 *fill*         0x0000000008001b96        0x2 
 .text.HAL_DAC_ConfigChannel
                0x0000000008001b98      0x280 Drivers/STM32L4xx_HAL_Driver/Src/stm32l4xx_hal_dac.o
                0x0000000008001b98                HAL_DAC_ConfigChannel
 .text.HAL_GPIO_Init
                0x0000000008001e18      0x324 Drivers/STM32L4xx_HAL_Driver/Src/stm32l4xx_hal_gpio.o
                0x0000000008001e18                HAL_GPIO_Init
 .text.HAL_GPIO_ReadPin
                0x000000000800213c       0x30 Drivers/STM32L4xx_HAL_Driver/Src/stm32l4xx_hal_gpio.o
                0x000000000800213c                HAL_GPIO_ReadPin
 .text.HAL_GPIO_WritePin
                0x000000000800216c       0x30 Drivers/STM32L4xx_HAL_Driver/Src/stm32l4xx_hal_gpio.o
                0x000000000800216c                HAL_GPIO_WritePin
 .text.HAL_GPIO_TogglePin
                0x000000000800219c       0x34 Drivers/STM32L4xx_HAL_Driver/Src/stm32l4xx_hal_gpio.o
                0x000000000800219c                HAL_GPIO_TogglePin
 .text.HAL_PWREx_GetVoltageRange
                0x00000000080021d0       0x40 Drivers/STM32L4xx_HAL_Driver/Src/stm32l4xx_hal_pwr_ex.o
                0x00000000080021d0                HAL_PWREx_GetVoltageRange
 .text.HAL_PWREx_ControlVoltageScaling
                0x0000000008002210      0x148 Drivers/STM32L4xx_HAL_Driver/Src/stm32l4xx_hal_pwr_ex.o
                0x0000000008002210                HAL_PWREx_ControlVoltageScaling
 .text.HAL_RCC_OscConfig
                0x0000000008002358      0x84c Drivers/STM32L4xx_HAL_Driver/Src/stm32l4xx_hal_rcc.o
                0x0000000008002358                HAL_RCC_OscConfig
 .text.HAL_RCC_ClockConfig
                0x0000000008002ba4      0x258 Drivers/STM32L4xx_HAL_Driver/Src/stm32l4xx_hal_rcc.o
                0x0000000008002ba4                HAL_RCC_ClockConfig
 .text.HAL_RCC_GetSysClockFreq
                0x0000000008002dfc      0x118 Drivers/STM32L4xx_HAL_Driver/Src/stm32l4xx_hal_rcc.o
                0x0000000008002dfc                HAL_RCC_GetSysClockFreq
 .text.HAL_RCC_GetHCLKFreq
                0x0000000008002f14       0x18 Drivers/STM32L4xx_HAL_Driver/Src/stm32l4xx_hal_rcc.o
                0x0000000008002f14                HAL_RCC_GetHCLKFreq
 .text.RCC_SetFlashLatencyFromMSIRange
                0x0000000008002f2c       0xb4 Drivers/STM32L4xx_HAL_Driver/Src/stm32l4xx_hal_rcc.o
 .text.RCC_GetSysClockFreqFromPLLSource
                0x0000000008002fe0       0xd0 Drivers/STM32L4xx_HAL_Driver/Src/stm32l4xx_hal_rcc.o
 .text.HAL_RCCEx_PeriphCLKConfig
                0x00000000080030b0      0x660 Drivers/STM32L4xx_HAL_Driver/Src/stm32l4xx_hal_rcc_ex.o
                0x00000000080030b0                HAL_RCCEx_PeriphCLKConfig
 .text.RCCEx_PLLSAI1_Config
                0x0000000008003710      0x1e8 Drivers/STM32L4xx_HAL_Driver/Src/stm32l4xx_hal_rcc_ex.o
 .text.RCCEx_PLLSAI2_Config
                0x00000000080038f8      0x1e8 Drivers/STM32L4xx_HAL_Driver/Src/stm32l4xx_hal_rcc_ex.o
 .text.arm_sin_f32
                0x0000000008003ae0       0x8c /Users/KarlKoerich/STM32CubeIDE/workspace_1.5.1/MUMT203_FinalProject/Core/Lib/libarm_cortexM4lf_math.a(arm_sin_f32.o)
                0x0000000008003ae0                arm_sin_f32
 .text.__libc_init_array
                0x0000000008003b6c       0x48 /Applications/STM32CubeIDE.app/Contents/Eclipse/plugins/com.st.stm32cube.ide.mcu.externaltools.gnu-tools-for-stm32.9-2020-q2-update.macos64_1.5.0.202011040924/tools/bin/../lib/gcc/arm-none-eabi/9.3.1/../../../../arm-none-eabi/lib/thumb/v7e-m+fp/hard/libc_nano.a(lib_a-init.o)
                0x0000000008003b6c                __libc_init_array
 .text.memset   0x0000000008003bb4       0x10 /Applications/STM32CubeIDE.app/Contents/Eclipse/plugins/com.st.stm32cube.ide.mcu.externaltools.gnu-tools-for-stm32.9-2020-q2-update.macos64_1.5.0.202011040924/tools/bin/../lib/gcc/arm-none-eabi/9.3.1/../../../../arm-none-eabi/lib/thumb/v7e-m+fp/hard/libc_nano.a(lib_a-memset.o)
                0x0000000008003bb4                memset
 *(.glue_7)
 .glue_7        0x0000000008003bc4        0x0 linker stubs
 *(.glue_7t)
 .glue_7t       0x0000000008003bc4        0x0 linker stubs
 *(.eh_frame)
 .eh_frame      0x0000000008003bc4        0x0 /Applications/STM32CubeIDE.app/Contents/Eclipse/plugins/com.st.stm32cube.ide.mcu.externaltools.gnu-tools-for-stm32.9-2020-q2-update.macos64_1.5.0.202011040924/tools/bin/../lib/gcc/arm-none-eabi/9.3.1/thumb/v7e-m+fp/hard/crtbegin.o
 *(.init)
 .init          0x0000000008003bc4        0x4 /Applications/STM32CubeIDE.app/Contents/Eclipse/plugins/com.st.stm32cube.ide.mcu.externaltools.gnu-tools-for-stm32.9-2020-q2-update.macos64_1.5.0.202011040924/tools/bin/../lib/gcc/arm-none-eabi/9.3.1/thumb/v7e-m+fp/hard/crti.o
                0x0000000008003bc4                _init
 .init          0x0000000008003bc8        0x8 /Applications/STM32CubeIDE.app/Contents/Eclipse/plugins/com.st.stm32cube.ide.mcu.externaltools.gnu-tools-for-stm32.9-2020-q2-update.macos64_1.5.0.202011040924/tools/bin/../lib/gcc/arm-none-eabi/9.3.1/thumb/v7e-m+fp/hard/crtn.o
 *(.fini)
 .fini          0x0000000008003bd0        0x4 /Applications/STM32CubeIDE.app/Contents/Eclipse/plugins/com.st.stm32cube.ide.mcu.externaltools.gnu-tools-for-stm32.9-2020-q2-update.macos64_1.5.0.202011040924/tools/bin/../lib/gcc/arm-none-eabi/9.3.1/thumb/v7e-m+fp/hard/crti.o
                0x0000000008003bd0                _fini
 .fini          0x0000000008003bd4        0x8 /Applications/STM32CubeIDE.app/Contents/Eclipse/plugins/com.st.stm32cube.ide.mcu.externaltools.gnu-tools-for-stm32.9-2020-q2-update.macos64_1.5.0.202011040924/tools/bin/../lib/gcc/arm-none-eabi/9.3.1/thumb/v7e-m+fp/hard/crtn.o
                0x0000000008003bdc                . = ALIGN (0x4)
                0x0000000008003bdc                _etext = .

.vfp11_veneer   0x0000000008003bdc        0x0
 .vfp11_veneer  0x0000000008003bdc        0x0 linker stubs

.v4_bx          0x0000000008003bdc        0x0
 .v4_bx         0x0000000008003bdc        0x0 linker stubs

.iplt           0x0000000008003bdc        0x0
 .iplt          0x0000000008003bdc        0x0 /Applications/STM32CubeIDE.app/Contents/Eclipse/plugins/com.st.stm32cube.ide.mcu.externaltools.gnu-tools-for-stm32.9-2020-q2-update.macos64_1.5.0.202011040924/tools/bin/../lib/gcc/arm-none-eabi/9.3.1/thumb/v7e-m+fp/hard/crtbegin.o

.rodata         0x0000000008003bdc      0x844
                0x0000000008003bdc                . = ALIGN (0x4)
 *(.rodata)
 *(.rodata*)
 .rodata.AHBPrescTable
                0x0000000008003bdc       0x10 Core/Src/system_stm32l4xx.o
                0x0000000008003bdc                AHBPrescTable
 .rodata.MSIRangeTable
                0x0000000008003bec       0x30 Core/Src/system_stm32l4xx.o
                0x0000000008003bec                MSIRangeTable
 .rodata.sinTable_f32
                0x0000000008003c1c      0x804 /Users/KarlKoerich/STM32CubeIDE/workspace_1.5.1/MUMT203_FinalProject/Core/Lib/libarm_cortexM4lf_math.a(arm_common_tables.o)
                0x0000000008003c1c                sinTable_f32
                0x0000000008004420                . = ALIGN (0x4)

.rel.dyn        0x0000000008004420        0x0
 .rel.iplt      0x0000000008004420        0x0 /Applications/STM32CubeIDE.app/Contents/Eclipse/plugins/com.st.stm32cube.ide.mcu.externaltools.gnu-tools-for-stm32.9-2020-q2-update.macos64_1.5.0.202011040924/tools/bin/../lib/gcc/arm-none-eabi/9.3.1/thumb/v7e-m+fp/hard/crtbegin.o

.ARM.extab      0x0000000008004420        0x0
                0x0000000008004420                . = ALIGN (0x4)
 *(.ARM.extab* .gnu.linkonce.armextab.*)
                0x0000000008004420                . = ALIGN (0x4)

.ARM            0x0000000008004420        0x0
                0x0000000008004420                . = ALIGN (0x4)
                0x0000000008004420                __exidx_start = .
 *(.ARM.exidx*)
                0x0000000008004420                __exidx_end = .
                0x0000000008004420                . = ALIGN (0x4)

.preinit_array  0x0000000008004420        0x0
                0x0000000008004420                . = ALIGN (0x4)
                0x0000000008004420                PROVIDE (__preinit_array_start = .)
 *(.preinit_array*)
                0x0000000008004420                PROVIDE (__preinit_array_end = .)
                0x0000000008004420                . = ALIGN (0x4)

.init_array     0x0000000008004420        0x4
                0x0000000008004420                . = ALIGN (0x4)
                0x0000000008004420                PROVIDE (__init_array_start = .)
 *(SORT_BY_NAME(.init_array.*))
 *(.init_array*)
 .init_array    0x0000000008004420        0x4 /Applications/STM32CubeIDE.app/Contents/Eclipse/plugins/com.st.stm32cube.ide.mcu.externaltools.gnu-tools-for-stm32.9-2020-q2-update.macos64_1.5.0.202011040924/tools/bin/../lib/gcc/arm-none-eabi/9.3.1/thumb/v7e-m+fp/hard/crtbegin.o
                0x0000000008004424                PROVIDE (__init_array_end = .)
                0x0000000008004424                . = ALIGN (0x4)

.fini_array     0x0000000008004424        0x4
                0x0000000008004424                . = ALIGN (0x4)
                [!provide]                        PROVIDE (__fini_array_start = .)
 *(SORT_BY_NAME(.fini_array.*))
 *(.fini_array*)
 .fini_array    0x0000000008004424        0x4 /Applications/STM32CubeIDE.app/Contents/Eclipse/plugins/com.st.stm32cube.ide.mcu.externaltools.gnu-tools-for-stm32.9-2020-q2-update.macos64_1.5.0.202011040924/tools/bin/../lib/gcc/arm-none-eabi/9.3.1/thumb/v7e-m+fp/hard/crtbegin.o
                [!provide]                        PROVIDE (__fini_array_end = .)
                0x0000000008004428                . = ALIGN (0x4)
                0x0000000008004428                _sidata = LOADADDR (.data)

.data           0x0000000020000000        0xc load address 0x0000000008004428
                0x0000000020000000                . = ALIGN (0x4)
                0x0000000020000000                _sdata = .
 *(.data)
 *(.data*)
 .data.SystemCoreClock
                0x0000000020000000        0x4 Core/Src/system_stm32l4xx.o
                0x0000000020000000                SystemCoreClock
 .data.uwTickPrio
                0x0000000020000004        0x4 Drivers/STM32L4xx_HAL_Driver/Src/stm32l4xx_hal.o
                0x0000000020000004                uwTickPrio
 .data.uwTickFreq
                0x0000000020000008        0x1 Drivers/STM32L4xx_HAL_Driver/Src/stm32l4xx_hal.o
                0x0000000020000008                uwTickFreq
 *(.RamFunc)
 *(.RamFunc*)
                0x000000002000000c                . = ALIGN (0x4)
 *fill*         0x0000000020000009        0x3 
                0x000000002000000c                _edata = .

.igot.plt       0x000000002000000c        0x0 load address 0x0000000008004434
 .igot.plt      0x000000002000000c        0x0 /Applications/STM32CubeIDE.app/Contents/Eclipse/plugins/com.st.stm32cube.ide.mcu.externaltools.gnu-tools-for-stm32.9-2020-q2-update.macos64_1.5.0.202011040924/tools/bin/../lib/gcc/arm-none-eabi/9.3.1/thumb/v7e-m+fp/hard/crtbegin.o
                0x000000002000000c                . = ALIGN (0x4)

.bss            0x000000002000000c       0x9c load address 0x0000000008004434
                0x000000002000000c                _sbss = .
                0x000000002000000c                __bss_start__ = _sbss
 *(.bss)
 .bss           0x000000002000000c       0x1c /Applications/STM32CubeIDE.app/Contents/Eclipse/plugins/com.st.stm32cube.ide.mcu.externaltools.gnu-tools-for-stm32.9-2020-q2-update.macos64_1.5.0.202011040924/tools/bin/../lib/gcc/arm-none-eabi/9.3.1/thumb/v7e-m+fp/hard/crtbegin.o
 *(.bss*)
 *(COMMON)
 COMMON         0x0000000020000028       0x7c Core/Src/main.o
                0x0000000020000028                hdac1
                0x000000002000003c                hadc1
 COMMON         0x00000000200000a4        0x4 Drivers/STM32L4xx_HAL_Driver/Src/stm32l4xx_hal.o
                0x00000000200000a4                uwTick
                0x00000000200000a8                . = ALIGN (0x4)
                0x00000000200000a8                _ebss = .
                0x00000000200000a8                __bss_end__ = _ebss

._user_heap_stack
                0x00000000200000a8      0x600 load address 0x0000000008004434
                0x00000000200000a8                . = ALIGN (0x8)
                [!provide]                        PROVIDE (end = .)
                0x00000000200000a8                PROVIDE (_end = .)
                0x00000000200002a8                . = (. + _Min_Heap_Size)
 *fill*         0x00000000200000a8      0x200 
                0x00000000200006a8                . = (. + _Min_Stack_Size)
 *fill*         0x00000000200002a8      0x400 
                0x00000000200006a8                . = ALIGN (0x8)

/DISCARD/
 libc.a(*)
 libm.a(*)
 libgcc.a(*)

.ARM.attributes
                0x0000000000000000       0x30
 *(.ARM.attributes)
 .ARM.attributes
                0x0000000000000000       0x1e /Applications/STM32CubeIDE.app/Contents/Eclipse/plugins/com.st.stm32cube.ide.mcu.externaltools.gnu-tools-for-stm32.9-2020-q2-update.macos64_1.5.0.202011040924/tools/bin/../lib/gcc/arm-none-eabi/9.3.1/thumb/v7e-m+fp/hard/crti.o
 .ARM.attributes
                0x000000000000001e       0x34 /Applications/STM32CubeIDE.app/Contents/Eclipse/plugins/com.st.stm32cube.ide.mcu.externaltools.gnu-tools-for-stm32.9-2020-q2-update.macos64_1.5.0.202011040924/tools/bin/../lib/gcc/arm-none-eabi/9.3.1/thumb/v7e-m+fp/hard/crtbegin.o
 .ARM.attributes
                0x0000000000000052       0x34 Core/Src/main.o
 .ARM.attributes
                0x0000000000000086       0x34 Core/Src/stm32l4xx_hal_msp.o
 .ARM.attributes
                0x00000000000000ba       0x34 Core/Src/stm32l4xx_it.o
 .ARM.attributes
                0x00000000000000ee       0x34 Core/Src/system_stm32l4xx.o
 .ARM.attributes
                0x0000000000000122       0x21 Core/Startup/startup_stm32l4s5vitx.o
 .ARM.attributes
                0x0000000000000143       0x34 Drivers/STM32L4xx_HAL_Driver/Src/stm32l4xx_hal.o
 .ARM.attributes
                0x0000000000000177       0x34 Drivers/STM32L4xx_HAL_Driver/Src/stm32l4xx_hal_adc.o
 .ARM.attributes
                0x00000000000001ab       0x34 Drivers/STM32L4xx_HAL_Driver/Src/stm32l4xx_hal_cortex.o
 .ARM.attributes
                0x00000000000001df       0x34 Drivers/STM32L4xx_HAL_Driver/Src/stm32l4xx_hal_dac.o
 .ARM.attributes
                0x0000000000000213       0x34 Drivers/STM32L4xx_HAL_Driver/Src/stm32l4xx_hal_gpio.o
 .ARM.attributes
                0x0000000000000247       0x34 Drivers/STM32L4xx_HAL_Driver/Src/stm32l4xx_hal_pwr_ex.o
 .ARM.attributes
                0x000000000000027b       0x34 Drivers/STM32L4xx_HAL_Driver/Src/stm32l4xx_hal_rcc.o
 .ARM.attributes
                0x00000000000002af       0x34 Drivers/STM32L4xx_HAL_Driver/Src/stm32l4xx_hal_rcc_ex.o
 .ARM.attributes
                0x00000000000002e3       0x34 /Users/KarlKoerich/STM32CubeIDE/workspace_1.5.1/MUMT203_FinalProject/Core/Lib/libarm_cortexM4lf_math.a(arm_sin_f32.o)
 .ARM.attributes
                0x0000000000000317       0x39 /Users/KarlKoerich/STM32CubeIDE/workspace_1.5.1/MUMT203_FinalProject/Core/Lib/libarm_cortexM4lf_math.a(arm_common_tables.o)
 .ARM.attributes
                0x0000000000000350       0x34 /Applications/STM32CubeIDE.app/Contents/Eclipse/plugins/com.st.stm32cube.ide.mcu.externaltools.gnu-tools-for-stm32.9-2020-q2-update.macos64_1.5.0.202011040924/tools/bin/../lib/gcc/arm-none-eabi/9.3.1/../../../../arm-none-eabi/lib/thumb/v7e-m+fp/hard/libc_nano.a(lib_a-init.o)
 .ARM.attributes
                0x0000000000000384       0x34 /Applications/STM32CubeIDE.app/Contents/Eclipse/plugins/com.st.stm32cube.ide.mcu.externaltools.gnu-tools-for-stm32.9-2020-q2-update.macos64_1.5.0.202011040924/tools/bin/../lib/gcc/arm-none-eabi/9.3.1/../../../../arm-none-eabi/lib/thumb/v7e-m+fp/hard/libc_nano.a(lib_a-memset.o)
 .ARM.attributes
                0x00000000000003b8       0x1e /Applications/STM32CubeIDE.app/Contents/Eclipse/plugins/com.st.stm32cube.ide.mcu.externaltools.gnu-tools-for-stm32.9-2020-q2-update.macos64_1.5.0.202011040924/tools/bin/../lib/gcc/arm-none-eabi/9.3.1/thumb/v7e-m+fp/hard/crtn.o
OUTPUT(MUMT203_FinalProject.elf elf32-littlearm)
LOAD linker stubs
LOAD /Applications/STM32CubeIDE.app/Contents/Eclipse/plugins/com.st.stm32cube.ide.mcu.externaltools.gnu-tools-for-stm32.9-2020-q2-update.macos64_1.5.0.202011040924/tools/bin/../lib/gcc/arm-none-eabi/9.3.1/../../../../arm-none-eabi/lib/thumb/v7e-m+fp/hard/libc.a
LOAD /Applications/STM32CubeIDE.app/Contents/Eclipse/plugins/com.st.stm32cube.ide.mcu.externaltools.gnu-tools-for-stm32.9-2020-q2-update.macos64_1.5.0.202011040924/tools/bin/../lib/gcc/arm-none-eabi/9.3.1/../../../../arm-none-eabi/lib/thumb/v7e-m+fp/hard/libm.a
LOAD /Applications/STM32CubeIDE.app/Contents/Eclipse/plugins/com.st.stm32cube.ide.mcu.externaltools.gnu-tools-for-stm32.9-2020-q2-update.macos64_1.5.0.202011040924/tools/bin/../lib/gcc/arm-none-eabi/9.3.1/thumb/v7e-m+fp/hard/libgcc.a

.debug_info     0x0000000000000000     0xf162
 .debug_info    0x0000000000000000     0x1f65 Core/Src/main.o
 .debug_info    0x0000000000001f65     0x10fb Core/Src/stm32l4xx_hal_msp.o
 .debug_info    0x0000000000003060      0x373 Core/Src/stm32l4xx_it.o
 .debug_info    0x00000000000033d3      0x7cc Core/Src/system_stm32l4xx.o
 .debug_info    0x0000000000003b9f       0x22 Core/Startup/startup_stm32l4s5vitx.o
 .debug_info    0x0000000000003bc1      0xd1d Drivers/STM32L4xx_HAL_Driver/Src/stm32l4xx_hal.o
 .debug_info    0x00000000000048de     0x200a Drivers/STM32L4xx_HAL_Driver/Src/stm32l4xx_hal_adc.o
 .debug_info    0x00000000000068e8     0x104c Drivers/STM32L4xx_HAL_Driver/Src/stm32l4xx_hal_cortex.o
 .debug_info    0x0000000000007934      0xdbc Drivers/STM32L4xx_HAL_Driver/Src/stm32l4xx_hal_dac.o
 .debug_info    0x00000000000086f0      0xa97 Drivers/STM32L4xx_HAL_Driver/Src/stm32l4xx_hal_gpio.o
 .debug_info    0x0000000000009187      0xc6e Drivers/STM32L4xx_HAL_Driver/Src/stm32l4xx_hal_pwr_ex.o
 .debug_info    0x0000000000009df5      0xf37 Drivers/STM32L4xx_HAL_Driver/Src/stm32l4xx_hal_rcc.o
 .debug_info    0x000000000000ad2c     0x13a0 Drivers/STM32L4xx_HAL_Driver/Src/stm32l4xx_hal_rcc_ex.o
 .debug_info    0x000000000000c0cc     0x1612 /Users/KarlKoerich/STM32CubeIDE/workspace_1.5.1/MUMT203_FinalProject/Core/Lib/libarm_cortexM4lf_math.a(arm_sin_f32.o)
 .debug_info    0x000000000000d6de     0x1a84 /Users/KarlKoerich/STM32CubeIDE/workspace_1.5.1/MUMT203_FinalProject/Core/Lib/libarm_cortexM4lf_math.a(arm_common_tables.o)

.debug_abbrev   0x0000000000000000     0x1dd1
 .debug_abbrev  0x0000000000000000      0x2d9 Core/Src/main.o
 .debug_abbrev  0x00000000000002d9      0x1ac Core/Src/stm32l4xx_hal_msp.o
 .debug_abbrev  0x0000000000000485       0xf2 Core/Src/stm32l4xx_it.o
 .debug_abbrev  0x0000000000000577      0x16e Core/Src/system_stm32l4xx.o
 .debug_abbrev  0x00000000000006e5       0x12 Core/Startup/startup_stm32l4s5vitx.o
 .debug_abbrev  0x00000000000006f7      0x227 Drivers/STM32L4xx_HAL_Driver/Src/stm32l4xx_hal.o
 .debug_abbrev  0x000000000000091e      0x288 Drivers/STM32L4xx_HAL_Driver/Src/stm32l4xx_hal_adc.o
 .debug_abbrev  0x0000000000000ba6      0x33c Drivers/STM32L4xx_HAL_Driver/Src/stm32l4xx_hal_cortex.o
 .debug_abbrev  0x0000000000000ee2      0x1f2 Drivers/STM32L4xx_HAL_Driver/Src/stm32l4xx_hal_dac.o
 .debug_abbrev  0x00000000000010d4      0x1e8 Drivers/STM32L4xx_HAL_Driver/Src/stm32l4xx_hal_gpio.o
 .debug_abbrev  0x00000000000012bc      0x1f3 Drivers/STM32L4xx_HAL_Driver/Src/stm32l4xx_hal_pwr_ex.o
 .debug_abbrev  0x00000000000014af      0x2b1 Drivers/STM32L4xx_HAL_Driver/Src/stm32l4xx_hal_rcc.o
 .debug_abbrev  0x0000000000001760      0x268 Drivers/STM32L4xx_HAL_Driver/Src/stm32l4xx_hal_rcc_ex.o
 .debug_abbrev  0x00000000000019c8      0x22c /Users/KarlKoerich/STM32CubeIDE/workspace_1.5.1/MUMT203_FinalProject/Core/Lib/libarm_cortexM4lf_math.a(arm_sin_f32.o)
 .debug_abbrev  0x0000000000001bf4      0x1dd /Users/KarlKoerich/STM32CubeIDE/workspace_1.5.1/MUMT203_FinalProject/Core/Lib/libarm_cortexM4lf_math.a(arm_common_tables.o)

.debug_aranges  0x0000000000000000      0x9f8
 .debug_aranges
                0x0000000000000000       0x48 Core/Src/main.o
 .debug_aranges
                0x0000000000000048       0x40 Core/Src/stm32l4xx_hal_msp.o
 .debug_aranges
                0x0000000000000088       0x60 Core/Src/stm32l4xx_it.o
 .debug_aranges
                0x00000000000000e8       0x28 Core/Src/system_stm32l4xx.o
 .debug_aranges
                0x0000000000000110       0x28 Core/Startup/startup_stm32l4s5vitx.o
 .debug_aranges
                0x0000000000000138      0x130 Drivers/STM32L4xx_HAL_Driver/Src/stm32l4xx_hal.o
 .debug_aranges
                0x0000000000000268      0x218 Drivers/STM32L4xx_HAL_Driver/Src/stm32l4xx_hal_adc.o
 .debug_aranges
                0x0000000000000480      0x118 Drivers/STM32L4xx_HAL_Driver/Src/stm32l4xx_hal_cortex.o
 .debug_aranges
                0x0000000000000598       0xc0 Drivers/STM32L4xx_HAL_Driver/Src/stm32l4xx_hal_dac.o
 .debug_aranges
                0x0000000000000658       0x58 Drivers/STM32L4xx_HAL_Driver/Src/stm32l4xx_hal_gpio.o
 .debug_aranges
                0x00000000000006b0      0x170 Drivers/STM32L4xx_HAL_Driver/Src/stm32l4xx_hal_pwr_ex.o
 .debug_aranges
                0x0000000000000820       0x90 Drivers/STM32L4xx_HAL_Driver/Src/stm32l4xx_hal_rcc.o
 .debug_aranges
                0x00000000000008b0      0x110 Drivers/STM32L4xx_HAL_Driver/Src/stm32l4xx_hal_rcc_ex.o
 .debug_aranges
                0x00000000000009c0       0x20 /Users/KarlKoerich/STM32CubeIDE/workspace_1.5.1/MUMT203_FinalProject/Core/Lib/libarm_cortexM4lf_math.a(arm_sin_f32.o)
 .debug_aranges
                0x00000000000009e0       0x18 /Users/KarlKoerich/STM32CubeIDE/workspace_1.5.1/MUMT203_FinalProject/Core/Lib/libarm_cortexM4lf_math.a(arm_common_tables.o)

.debug_ranges   0x0000000000000000      0x908
 .debug_ranges  0x0000000000000000       0x38 Core/Src/main.o
 .debug_ranges  0x0000000000000038       0x30 Core/Src/stm32l4xx_hal_msp.o
 .debug_ranges  0x0000000000000068       0x50 Core/Src/stm32l4xx_it.o
 .debug_ranges  0x00000000000000b8       0x18 Core/Src/system_stm32l4xx.o
 .debug_ranges  0x00000000000000d0       0x20 Core/Startup/startup_stm32l4s5vitx.o
 .debug_ranges  0x00000000000000f0      0x120 Drivers/STM32L4xx_HAL_Driver/Src/stm32l4xx_hal.o
 .debug_ranges  0x0000000000000210      0x208 Drivers/STM32L4xx_HAL_Driver/Src/stm32l4xx_hal_adc.o
 .debug_ranges  0x0000000000000418      0x108 Drivers/STM32L4xx_HAL_Driver/Src/stm32l4xx_hal_cortex.o
 .debug_ranges  0x0000000000000520       0xb0 Drivers/STM32L4xx_HAL_Driver/Src/stm32l4xx_hal_dac.o
 .debug_ranges  0x00000000000005d0       0x48 Drivers/STM32L4xx_HAL_Driver/Src/stm32l4xx_hal_gpio.o
 .debug_ranges  0x0000000000000618      0x160 Drivers/STM32L4xx_HAL_Driver/Src/stm32l4xx_hal_pwr_ex.o
 .debug_ranges  0x0000000000000778       0x80 Drivers/STM32L4xx_HAL_Driver/Src/stm32l4xx_hal_rcc.o
 .debug_ranges  0x00000000000007f8      0x100 Drivers/STM32L4xx_HAL_Driver/Src/stm32l4xx_hal_rcc_ex.o
 .debug_ranges  0x00000000000008f8       0x10 /Users/KarlKoerich/STM32CubeIDE/workspace_1.5.1/MUMT203_FinalProject/Core/Lib/libarm_cortexM4lf_math.a(arm_sin_f32.o)

.debug_macro    0x0000000000000000    0x2b019
 .debug_macro   0x0000000000000000      0x31f Core/Src/main.o
 .debug_macro   0x000000000000031f      0xaa8 Core/Src/main.o
 .debug_macro   0x0000000000000dc7      0x1ad Core/Src/main.o
 .debug_macro   0x0000000000000f74       0x2e Core/Src/main.o
 .debug_macro   0x0000000000000fa2       0x28 Core/Src/main.o
 .debug_macro   0x0000000000000fca       0x22 Core/Src/main.o
 .debug_macro   0x0000000000000fec       0x8e Core/Src/main.o
 .debug_macro   0x000000000000107a       0x51 Core/Src/main.o
 .debug_macro   0x00000000000010cb      0x103 Core/Src/main.o
 .debug_macro   0x00000000000011ce       0x6a Core/Src/main.o
 .debug_macro   0x0000000000001238      0x1df Core/Src/main.o
 .debug_macro   0x0000000000001417       0x1c Core/Src/main.o
 .debug_macro   0x0000000000001433       0x22 Core/Src/main.o
 .debug_macro   0x0000000000001455      0x101 Core/Src/main.o
 .debug_macro   0x0000000000001556     0x1011 Core/Src/main.o
 .debug_macro   0x0000000000002567      0x11f Core/Src/main.o
 .debug_macro   0x0000000000002686    0x1d28c Core/Src/main.o
 .debug_macro   0x000000000001f912       0x43 Core/Src/main.o
 .debug_macro   0x000000000001f955     0x3897 Core/Src/main.o
 .debug_macro   0x00000000000231ec      0x174 Core/Src/main.o
 .debug_macro   0x0000000000023360       0x5c Core/Src/main.o
 .debug_macro   0x00000000000233bc     0x18d1 Core/Src/main.o
 .debug_macro   0x0000000000024c8d      0x7d5 Core/Src/main.o
 .debug_macro   0x0000000000025462      0x13d Core/Src/main.o
 .debug_macro   0x000000000002559f      0x225 Core/Src/main.o
 .debug_macro   0x00000000000257c4      0x486 Core/Src/main.o
 .debug_macro   0x0000000000025c4a      0x1cf Core/Src/main.o
 .debug_macro   0x0000000000025e19       0x43 Core/Src/main.o
 .debug_macro   0x0000000000025e5c      0x23d Core/Src/main.o
 .debug_macro   0x0000000000026099      0xdf4 Core/Src/main.o
 .debug_macro   0x0000000000026e8d      0x624 Core/Src/main.o
 .debug_macro   0x00000000000274b1      0x24f Core/Src/main.o
 .debug_macro   0x0000000000027700      0x184 Core/Src/main.o
 .debug_macro   0x0000000000027884       0xdf Core/Src/main.o
 .debug_macro   0x0000000000027963      0x241 Core/Src/main.o
 .debug_macro   0x0000000000027ba4      0x416 Core/Src/main.o
 .debug_macro   0x0000000000027fba       0x1c Core/Src/main.o
 .debug_macro   0x0000000000027fd6       0xf2 Core/Src/main.o
 .debug_macro   0x00000000000280c8      0x22c Core/Src/main.o
 .debug_macro   0x00000000000282f4       0x61 Core/Src/main.o
 .debug_macro   0x0000000000028355       0xa5 Core/Src/main.o
 .debug_macro   0x00000000000283fa      0x122 Core/Src/main.o
 .debug_macro   0x000000000002851c      0x3f7 Core/Src/main.o
 .debug_macro   0x0000000000028913      0x433 Core/Src/main.o
 .debug_macro   0x0000000000028d46       0x28 Core/Src/main.o
 .debug_macro   0x0000000000028d6e       0x52 Core/Src/main.o
 .debug_macro   0x0000000000028dc0       0x18 Core/Src/main.o
 .debug_macro   0x0000000000028dd8       0x3c Core/Src/main.o
 .debug_macro   0x0000000000028e14       0x34 Core/Src/main.o
 .debug_macro   0x0000000000028e48       0x16 Core/Src/main.o
 .debug_macro   0x0000000000028e5e       0x43 Core/Src/main.o
 .debug_macro   0x0000000000028ea1       0x34 Core/Src/main.o
 .debug_macro   0x0000000000028ed5       0x10 Core/Src/main.o
 .debug_macro   0x0000000000028ee5       0x58 Core/Src/main.o
 .debug_macro   0x0000000000028f3d       0x71 Core/Src/main.o
 .debug_macro   0x0000000000028fae       0x1c Core/Src/main.o
 .debug_macro   0x0000000000028fca      0x12a Core/Src/main.o
 .debug_macro   0x00000000000290f4      0x333 Core/Src/main.o
 .debug_macro   0x0000000000029427       0x10 Core/Src/main.o
 .debug_macro   0x0000000000029437       0x35 Core/Src/main.o
 .debug_macro   0x000000000002946c       0x20 Core/Src/main.o
 .debug_macro   0x000000000002948c      0x1a9 Core/Src/main.o
 .debug_macro   0x0000000000029635      0x201 Core/Src/main.o
 .debug_macro   0x0000000000029836       0xc8 Core/Src/main.o
 .debug_macro   0x00000000000298fe      0x205 Core/Src/stm32l4xx_hal_msp.o
 .debug_macro   0x0000000000029b03      0x20f Core/Src/stm32l4xx_it.o
 .debug_macro   0x0000000000029d12      0x1fc Core/Src/system_stm32l4xx.o
 .debug_macro   0x0000000000029f0e      0x244 Drivers/STM32L4xx_HAL_Driver/Src/stm32l4xx_hal.o
 .debug_macro   0x000000000002a152      0x213 Drivers/STM32L4xx_HAL_Driver/Src/stm32l4xx_hal_adc.o
 .debug_macro   0x000000000002a365      0x1f6 Drivers/STM32L4xx_HAL_Driver/Src/stm32l4xx_hal_cortex.o
 .debug_macro   0x000000000002a55b      0x205 Drivers/STM32L4xx_HAL_Driver/Src/stm32l4xx_hal_dac.o
 .debug_macro   0x000000000002a760      0x235 Drivers/STM32L4xx_HAL_Driver/Src/stm32l4xx_hal_gpio.o
 .debug_macro   0x000000000002a995      0x220 Drivers/STM32L4xx_HAL_Driver/Src/stm32l4xx_hal_pwr_ex.o
 .debug_macro   0x000000000002abb5      0x238 Drivers/STM32L4xx_HAL_Driver/Src/stm32l4xx_hal_rcc.o
 .debug_macro   0x000000000002aded      0x22c Drivers/STM32L4xx_HAL_Driver/Src/stm32l4xx_hal_rcc_ex.o

.debug_line     0x0000000000000000     0xac53
 .debug_line    0x0000000000000000      0xad9 Core/Src/main.o
 .debug_line    0x0000000000000ad9      0x7e5 Core/Src/stm32l4xx_hal_msp.o
 .debug_line    0x00000000000012be      0x819 Core/Src/stm32l4xx_it.o
 .debug_line    0x0000000000001ad7      0x81f Core/Src/system_stm32l4xx.o
 .debug_line    0x00000000000022f6       0x87 Core/Startup/startup_stm32l4s5vitx.o
 .debug_line    0x000000000000237d      0xb46 Drivers/STM32L4xx_HAL_Driver/Src/stm32l4xx_hal.o
 .debug_line    0x0000000000002ec3     0x1c15 Drivers/STM32L4xx_HAL_Driver/Src/stm32l4xx_hal_adc.o
 .debug_line    0x0000000000004ad8      0xced Drivers/STM32L4xx_HAL_Driver/Src/stm32l4xx_hal_cortex.o
 .debug_line    0x00000000000057c5      0xc3f Drivers/STM32L4xx_HAL_Driver/Src/stm32l4xx_hal_dac.o
 .debug_line    0x0000000000006404      0xba6 Drivers/STM32L4xx_HAL_Driver/Src/stm32l4xx_hal_gpio.o
 .debug_line    0x0000000000006faa      0xda7 Drivers/STM32L4xx_HAL_Driver/Src/stm32l4xx_hal_pwr_ex.o
 .debug_line    0x0000000000007d51     0x1081 Drivers/STM32L4xx_HAL_Driver/Src/stm32l4xx_hal_rcc.o
 .debug_line    0x0000000000008dd2     0x196e Drivers/STM32L4xx_HAL_Driver/Src/stm32l4xx_hal_rcc_ex.o
 .debug_line    0x000000000000a740      0x2d0 /Users/KarlKoerich/STM32CubeIDE/workspace_1.5.1/MUMT203_FinalProject/Core/Lib/libarm_cortexM4lf_math.a(arm_sin_f32.o)
 .debug_line    0x000000000000aa10      0x243 /Users/KarlKoerich/STM32CubeIDE/workspace_1.5.1/MUMT203_FinalProject/Core/Lib/libarm_cortexM4lf_math.a(arm_common_tables.o)

.debug_str      0x0000000000000000   0x10e27b
 .debug_str     0x0000000000000000   0x10ac9c Core/Src/main.o
                                     0x10b3d4 (size before relaxing)
 .debug_str     0x000000000010ac9c       0x7a Core/Src/stm32l4xx_hal_msp.o
                                     0x1067e3 (size before relaxing)
 .debug_str     0x000000000010ad16       0xbd Core/Src/stm32l4xx_it.o
                                     0x10600a (size before relaxing)
 .debug_str     0x000000000010add3       0xcd Core/Src/system_stm32l4xx.o
                                     0x1060e9 (size before relaxing)
 .debug_str     0x000000000010aea0       0x7e Core/Startup/startup_stm32l4s5vitx.o
 .debug_str     0x000000000010af1e      0xa0c Drivers/STM32L4xx_HAL_Driver/Src/stm32l4xx_hal.o
                                     0x106c18 (size before relaxing)
 .debug_str     0x000000000010b92a      0x9c3 Drivers/STM32L4xx_HAL_Driver/Src/stm32l4xx_hal_adc.o
                                     0x106f05 (size before relaxing)
 .debug_str     0x000000000010c2ed      0x389 Drivers/STM32L4xx_HAL_Driver/Src/stm32l4xx_hal_cortex.o
                                     0x106963 (size before relaxing)
 .debug_str     0x000000000010c676      0x208 Drivers/STM32L4xx_HAL_Driver/Src/stm32l4xx_hal_dac.o
                                     0x106616 (size before relaxing)
 .debug_str     0x000000000010c87e      0x23b Drivers/STM32L4xx_HAL_Driver/Src/stm32l4xx_hal_gpio.o
                                     0x106369 (size before relaxing)
 .debug_str     0x000000000010cab9      0x576 Drivers/STM32L4xx_HAL_Driver/Src/stm32l4xx_hal_pwr_ex.o
                                     0x1066b7 (size before relaxing)
 .debug_str     0x000000000010d02f      0x3db Drivers/STM32L4xx_HAL_Driver/Src/stm32l4xx_hal_rcc.o
                                     0x1066d8 (size before relaxing)
 .debug_str     0x000000000010d40a      0x5b5 Drivers/STM32L4xx_HAL_Driver/Src/stm32l4xx_hal_rcc_ex.o
                                     0x106ab1 (size before relaxing)
 .debug_str     0x000000000010d9bf      0x88e /Users/KarlKoerich/STM32CubeIDE/workspace_1.5.1/MUMT203_FinalProject/Core/Lib/libarm_cortexM4lf_math.a(arm_sin_f32.o)
                                        0xd42 (size before relaxing)
 .debug_str     0x000000000010e24d       0x2e /Users/KarlKoerich/STM32CubeIDE/workspace_1.5.1/MUMT203_FinalProject/Core/Lib/libarm_cortexM4lf_math.a(arm_common_tables.o)
                                        0xd1d (size before relaxing)

.comment        0x0000000000000000       0xc8
 .comment       0x0000000000000000       0x53 Core/Src/main.o
                                         0x54 (size before relaxing)
 .comment       0x0000000000000053       0x54 Core/Src/stm32l4xx_hal_msp.o
 .comment       0x0000000000000053       0x54 Core/Src/stm32l4xx_it.o
 .comment       0x0000000000000053       0x54 Core/Src/system_stm32l4xx.o
 .comment       0x0000000000000053       0x54 Drivers/STM32L4xx_HAL_Driver/Src/stm32l4xx_hal.o
 .comment       0x0000000000000053       0x54 Drivers/STM32L4xx_HAL_Driver/Src/stm32l4xx_hal_adc.o
 .comment       0x0000000000000053       0x54 Drivers/STM32L4xx_HAL_Driver/Src/stm32l4xx_hal_cortex.o
 .comment       0x0000000000000053       0x54 Drivers/STM32L4xx_HAL_Driver/Src/stm32l4xx_hal_dac.o
 .comment       0x0000000000000053       0x54 Drivers/STM32L4xx_HAL_Driver/Src/stm32l4xx_hal_gpio.o
 .comment       0x0000000000000053       0x54 Drivers/STM32L4xx_HAL_Driver/Src/stm32l4xx_hal_pwr_ex.o
 .comment       0x0000000000000053       0x54 Drivers/STM32L4xx_HAL_Driver/Src/stm32l4xx_hal_rcc.o
 .comment       0x0000000000000053       0x54 Drivers/STM32L4xx_HAL_Driver/Src/stm32l4xx_hal_rcc_ex.o
 .comment       0x0000000000000053       0x75 /Users/KarlKoerich/STM32CubeIDE/workspace_1.5.1/MUMT203_FinalProject/Core/Lib/libarm_cortexM4lf_math.a(arm_sin_f32.o)
                                         0x76 (size before relaxing)
 .comment       0x00000000000000c8       0x76 /Users/KarlKoerich/STM32CubeIDE/workspace_1.5.1/MUMT203_FinalProject/Core/Lib/libarm_cortexM4lf_math.a(arm_common_tables.o)

.debug_frame    0x0000000000000000     0x2744
 .debug_frame   0x0000000000000000       0xe0 Core/Src/main.o
 .debug_frame   0x00000000000000e0       0xc8 Core/Src/stm32l4xx_hal_msp.o
 .debug_frame   0x00000000000001a8      0x104 Core/Src/stm32l4xx_it.o
 .debug_frame   0x00000000000002ac       0x58 Core/Src/system_stm32l4xx.o
 .debug_frame   0x0000000000000304      0x498 Drivers/STM32L4xx_HAL_Driver/Src/stm32l4xx_hal.o
 .debug_frame   0x000000000000079c      0x9d8 Drivers/STM32L4xx_HAL_Driver/Src/stm32l4xx_hal_adc.o
 .debug_frame   0x0000000000001174      0x498 Drivers/STM32L4xx_HAL_Driver/Src/stm32l4xx_hal_cortex.o
 .debug_frame   0x000000000000160c      0x338 Drivers/STM32L4xx_HAL_Driver/Src/stm32l4xx_hal_dac.o
 .debug_frame   0x0000000000001944      0x14c Drivers/STM32L4xx_HAL_Driver/Src/stm32l4xx_hal_gpio.o
 .debug_frame   0x0000000000001a90      0x5c4 Drivers/STM32L4xx_HAL_Driver/Src/stm32l4xx_hal_pwr_ex.o
 .debug_frame   0x0000000000002054      0x220 Drivers/STM32L4xx_HAL_Driver/Src/stm32l4xx_hal_rcc.o
 .debug_frame   0x0000000000002274      0x464 Drivers/STM32L4xx_HAL_Driver/Src/stm32l4xx_hal_rcc_ex.o
 .debug_frame   0x00000000000026d8       0x20 /Users/KarlKoerich/STM32CubeIDE/workspace_1.5.1/MUMT203_FinalProject/Core/Lib/libarm_cortexM4lf_math.a(arm_sin_f32.o)
 .debug_frame   0x00000000000026f8       0x2c /Applications/STM32CubeIDE.app/Contents/Eclipse/plugins/com.st.stm32cube.ide.mcu.externaltools.gnu-tools-for-stm32.9-2020-q2-update.macos64_1.5.0.202011040924/tools/bin/../lib/gcc/arm-none-eabi/9.3.1/../../../../arm-none-eabi/lib/thumb/v7e-m+fp/hard/libc_nano.a(lib_a-init.o)
 .debug_frame   0x0000000000002724       0x20 /Applications/STM32CubeIDE.app/Contents/Eclipse/plugins/com.st.stm32cube.ide.mcu.externaltools.gnu-tools-for-stm32.9-2020-q2-update.macos64_1.5.0.202011040924/tools/bin/../lib/gcc/arm-none-eabi/9.3.1/../../../../arm-none-eabi/lib/thumb/v7e-m+fp/hard/libc_nano.a(lib_a-memset.o)

.debug_loc      0x0000000000000000       0xfa
 .debug_loc     0x0000000000000000       0xfa /Users/KarlKoerich/STM32CubeIDE/workspace_1.5.1/MUMT203_FinalProject/Core/Lib/libarm_cortexM4lf_math.a(arm_sin_f32.o)
